Archive member included to satisfy reference by file (symbol)

c:/program files (x86)/atmel/studio/7.0/toolchain/avr8/avr8-gnu-toolchain/bin/../lib/gcc/avr/4.9.2/../../../../avr/lib/avr5\libm.a(addsf3.o)
                              include/arduino/DallasTemperature.o (__subsf3)
c:/program files (x86)/atmel/studio/7.0/toolchain/avr8/avr8-gnu-toolchain/bin/../lib/gcc/avr/4.9.2/../../../../avr/lib/avr5\libm.a(addsf3x.o)
                              c:/program files (x86)/atmel/studio/7.0/toolchain/avr8/avr8-gnu-toolchain/bin/../lib/gcc/avr/4.9.2/../../../../avr/lib/avr5\libm.a(addsf3.o) (__addsf3x)
c:/program files (x86)/atmel/studio/7.0/toolchain/avr8/avr8-gnu-toolchain/bin/../lib/gcc/avr/4.9.2/../../../../avr/lib/avr5\libm.a(cmpsf2.o)
                              Sketch.o (__eqsf2)
c:/program files (x86)/atmel/studio/7.0/toolchain/avr8/avr8-gnu-toolchain/bin/../lib/gcc/avr/4.9.2/../../../../avr/lib/avr5\libm.a(divsf3.o)
                              include/arduino/DallasTemperature.o (__divsf3)
c:/program files (x86)/atmel/studio/7.0/toolchain/avr8/avr8-gnu-toolchain/bin/../lib/gcc/avr/4.9.2/../../../../avr/lib/avr5\libm.a(divsf3x.o)
                              c:/program files (x86)/atmel/studio/7.0/toolchain/avr8/avr8-gnu-toolchain/bin/../lib/gcc/avr/4.9.2/../../../../avr/lib/avr5\libm.a(divsf3.o) (__divsf3x)
c:/program files (x86)/atmel/studio/7.0/toolchain/avr8/avr8-gnu-toolchain/bin/../lib/gcc/avr/4.9.2/../../../../avr/lib/avr5\libm.a(fixsfsi.o)
                              src/Print.o (__fixsfsi)
c:/program files (x86)/atmel/studio/7.0/toolchain/avr8/avr8-gnu-toolchain/bin/../lib/gcc/avr/4.9.2/../../../../avr/lib/avr5\libm.a(fixunssfsi.o)
                              include/arduino/DallasTemperature.o (__fixunssfsi)
c:/program files (x86)/atmel/studio/7.0/toolchain/avr8/avr8-gnu-toolchain/bin/../lib/gcc/avr/4.9.2/../../../../avr/lib/avr5\libm.a(floatsisf.o)
                              include/arduino/DallasTemperature.o (__floatunsisf)
c:/program files (x86)/atmel/studio/7.0/toolchain/avr8/avr8-gnu-toolchain/bin/../lib/gcc/avr/4.9.2/../../../../avr/lib/avr5\libm.a(fp_cmp.o)
                              c:/program files (x86)/atmel/studio/7.0/toolchain/avr8/avr8-gnu-toolchain/bin/../lib/gcc/avr/4.9.2/../../../../avr/lib/avr5\libm.a(cmpsf2.o) (__fp_cmp)
c:/program files (x86)/atmel/studio/7.0/toolchain/avr8/avr8-gnu-toolchain/bin/../lib/gcc/avr/4.9.2/../../../../avr/lib/avr5\libm.a(fp_inf.o)
                              c:/program files (x86)/atmel/studio/7.0/toolchain/avr8/avr8-gnu-toolchain/bin/../lib/gcc/avr/4.9.2/../../../../avr/lib/avr5\libm.a(addsf3x.o) (__fp_inf)
c:/program files (x86)/atmel/studio/7.0/toolchain/avr8/avr8-gnu-toolchain/bin/../lib/gcc/avr/4.9.2/../../../../avr/lib/avr5\libm.a(fp_nan.o)
                              c:/program files (x86)/atmel/studio/7.0/toolchain/avr8/avr8-gnu-toolchain/bin/../lib/gcc/avr/4.9.2/../../../../avr/lib/avr5\libm.a(addsf3x.o) (__fp_nan)
c:/program files (x86)/atmel/studio/7.0/toolchain/avr8/avr8-gnu-toolchain/bin/../lib/gcc/avr/4.9.2/../../../../avr/lib/avr5\libm.a(fp_pscA.o)
                              c:/program files (x86)/atmel/studio/7.0/toolchain/avr8/avr8-gnu-toolchain/bin/../lib/gcc/avr/4.9.2/../../../../avr/lib/avr5\libm.a(addsf3x.o) (__fp_pscA)
c:/program files (x86)/atmel/studio/7.0/toolchain/avr8/avr8-gnu-toolchain/bin/../lib/gcc/avr/4.9.2/../../../../avr/lib/avr5\libm.a(fp_pscB.o)
                              c:/program files (x86)/atmel/studio/7.0/toolchain/avr8/avr8-gnu-toolchain/bin/../lib/gcc/avr/4.9.2/../../../../avr/lib/avr5\libm.a(addsf3x.o) (__fp_pscB)
c:/program files (x86)/atmel/studio/7.0/toolchain/avr8/avr8-gnu-toolchain/bin/../lib/gcc/avr/4.9.2/../../../../avr/lib/avr5\libm.a(fp_round.o)
                              c:/program files (x86)/atmel/studio/7.0/toolchain/avr8/avr8-gnu-toolchain/bin/../lib/gcc/avr/4.9.2/../../../../avr/lib/avr5\libm.a(addsf3.o) (__fp_round)
c:/program files (x86)/atmel/studio/7.0/toolchain/avr8/avr8-gnu-toolchain/bin/../lib/gcc/avr/4.9.2/../../../../avr/lib/avr5\libm.a(fp_split3.o)
                              c:/program files (x86)/atmel/studio/7.0/toolchain/avr8/avr8-gnu-toolchain/bin/../lib/gcc/avr/4.9.2/../../../../avr/lib/avr5\libm.a(addsf3x.o) (__fp_split3)
c:/program files (x86)/atmel/studio/7.0/toolchain/avr8/avr8-gnu-toolchain/bin/../lib/gcc/avr/4.9.2/../../../../avr/lib/avr5\libm.a(fp_zero.o)
                              c:/program files (x86)/atmel/studio/7.0/toolchain/avr8/avr8-gnu-toolchain/bin/../lib/gcc/avr/4.9.2/../../../../avr/lib/avr5\libm.a(addsf3x.o) (__fp_zero)
c:/program files (x86)/atmel/studio/7.0/toolchain/avr8/avr8-gnu-toolchain/bin/../lib/gcc/avr/4.9.2/../../../../avr/lib/avr5\libm.a(gesf2.o)
                              Sketch.o (__gesf2)
c:/program files (x86)/atmel/studio/7.0/toolchain/avr8/avr8-gnu-toolchain/bin/../lib/gcc/avr/4.9.2/../../../../avr/lib/avr5\libm.a(mulsf3.o)
                              include/arduino/DallasTemperature.o (__mulsf3)
[...]
Memory Configuration

Name             Origin             Length             Attributes
text             0x00000000         0x00020000         xr
data             0x00800060         0x0000ffa0         rw !x
eeprom           0x00810000         0x00010000         rw !x
fuse             0x00820000         0x00000400         rw !x
lock             0x00830000         0x00000400         rw !x
signature        0x00840000         0x00000400         rw !x
user_signatures  0x00850000         0x00000400         rw !x
*default*        0x00000000         0xffffffff

Linker script and memory map

Address of section .data set to 0x800100
LOAD C:/Program Files (x86)/Atmel/Studio/7.0/Packs/atmel/ATmega_DFP/1.0.90/gcc/dev/atmega328p/avr5/crtatmega328p.o
LOAD include/arduino/SPI.o
LOAD include/arduino/DallasTemperature.o
LOAD include/arduino/OneWire.o
LOAD Sketch.o
LOAD SoftwareSerial.o
LOAD src/abi.o
LOAD src/CDC.o
LOAD src/HardwareSerial.o
LOAD src/HardwareSerial0.o
LOAD src/hooks.o
LOAD src/main.o
LOAD src/new.o
LOAD src/Print.o
LOAD src/Stream.o
LOAD src/USBCore.o
LOAD src/WInterrupts.o
LOAD src/wiring.o
LOAD src/wiring_analog.o
LOAD src/wiring_digital.o
LOAD src/wiring_pulse.o
LOAD src/wiring_shift.o
LOAD src/WMath.o
LOAD src/WString.o
START GROUP
LOAD c:/program files (x86)/atmel/studio/7.0/toolchain/avr8/avr8-gnu-toolchain/bin/../lib/gcc/avr/4.9.2/../../../../avr/lib/avr5\libm.a
END GROUP
LOAD c:/program files (x86)/atmel/studio/7.0/toolchain/avr8/avr8-gnu-toolchain/bin/../lib/gcc/avr/4.9.2/avr5\libgcc.a
LOAD c:/program files (x86)/atmel/studio/7.0/toolchain/avr8/avr8-gnu-toolchain/bin/../lib/gcc/avr/4.9.2/../../../../avr/lib/avr5\libm.a
START GROUP
LOAD c:/program files (x86)/atmel/studio/7.0/toolchain/avr8/avr8-gnu-toolchain/bin/../lib/gcc/avr/4.9.2/avr5\libgcc.a
LOAD c:/program files (x86)/atmel/studio/7.0/toolchain/avr8/avr8-gnu-toolchain/bin/../lib/gcc/avr/4.9.2/../../../../avr/lib/avr5\libm.a
LOAD c:/program files (x86)/atmel/studio/7.0/toolchain/avr8/avr8-gnu-toolchain/bin/../lib/gcc/avr/4.9.2/../../../../avr/lib/avr5\libc.a
LOAD C:/Program Files (x86)/Atmel/Studio/7.0/Packs/atmel/ATmega_DFP/1.0.90/gcc/dev/atmega328p/avr5\libatmega328p.a
END GROUP

.hash
 *(.hash)

.dynsym
 *(.dynsym)

.dynstr
 *(.dynstr)

.gnu.version
 *(.gnu.version)

.gnu.version_d
 *(.gnu.version_d)

.gnu.version_r
 *(.gnu.version_r)

.rel.init
 *(.rel.init)

.rela.init
 *(.rela.init)

.rel.text
 *(.rel.text)
 *(.rel.text.*)
 *(.rel.gnu.linkonce.t*)

.rela.text
 *(.rela.text)
 *(.rela.text.*)
 *(.rela.gnu.linkonce.t*)

.rel.fini
 *(.rel.fini)

.rela.fini
 *(.rela.fini)

.rel.rodata
 *(.rel.rodata)
 *(.rel.rodata.*)
 *(.rel.gnu.linkonce.r*)

.rela.rodata
 *(.rela.rodata)
 *(.rela.rodata.*)
 *(.rela.gnu.linkonce.r*)

.rel.data
 *(.rel.data)
 *(.rel.data.*)
 *(.rel.gnu.linkonce.d*)

.rela.data
 *(.rela.data)
 *(.rela.data.*)
 *(.rela.gnu.linkonce.d*)

.rel.ctors
 *(.rel.ctors)

.rela.ctors
 *(.rela.ctors)

.rel.dtors
 *(.rel.dtors)

.rela.dtors
 *(.rela.dtors)

.rel.got
 *(.rel.got)

.rela.got
 *(.rela.got)

.rel.bss
 *(.rel.bss)

.rela.bss
 *(.rela.bss)

.rel.plt
 *(.rel.plt)

.rela.plt
 *(.rela.plt)

.text           0x00000000     0x3286
 *(.vectors)
 .vectors       0x00000000       0x68 C:/Program Files (x86)/Atmel/Studio/7.0/Packs/atmel/ATmega_DFP/1.0.90/gcc/dev/atmega328p/avr5/crtatmega328p.o
                0x00000000                __vector_default
                0x00000000                __vectors
 *(.vectors)
 *(.progmem.gcc*)
                0x00000068                . = ALIGN (0x2)
                0x00000068                __trampolines_start = .
 *(.trampolines)
 .trampolines   0x00000068        0x0 linker stubs
 *(.trampolines*)
                0x00000068                __trampolines_end = .
 *(.progmem*)
 .progmem.data._ZL11dscrc_table
                0x00000068      0x100 include/arduino/OneWire.o
 .progmem.data.digital_pin_to_timer_PGM
                0x00000168       0x14 src/wiring_digital.o
                0x00000168                digital_pin_to_timer_PGM
 .progmem.data.digital_pin_to_bit_mask_PGM
                0x0000017c       0x14 src/wiring_digital.o
                0x0000017c                digital_pin_to_bit_mask_PGM
 .progmem.data.digital_pin_to_port_PGM
                0x00000190       0x14 src/wiring_digital.o
                0x00000190                digital_pin_to_port_PGM
 .progmem.data.port_to_input_PGM
                0x000001a4        0xa src/wiring_digital.o
                0x000001a4                port_to_input_PGM
 .progmem.data.port_to_output_PGM
                0x000001ae        0xa src/wiring_digital.o
                0x000001ae                port_to_output_PGM
 .progmem.data.port_to_mode_PGM
                0x000001b8        0xa src/wiring_digital.o
                0x000001b8                port_to_mode_PGM
                0x000001c2                . = ALIGN (0x2)
 *(.jumptables)
 *(.jumptables*)
 *(.lowtext)
 *(.lowtext*)
                0x000001c2                __ctors_start = .
 *(.ctors)
 .ctors         0x000001c2        0x2 Sketch.o
 .ctors         0x000001c4        0x2 src/HardwareSerial0.o
                0x000001c6                __ctors_end = .
                0x000001c6                __dtors_start = .
 *(.dtors)
 .dtors         0x000001c6        0x2 Sketch.o
                0x000001c8                __dtors_end = .
 SORT(*)(.ctors)
 SORT(*)(.dtors)
 *(.init0)
 .init0         0x000001c8        0x0 C:/Program Files (x86)/Atmel/Studio/7.0/Packs/atmel/ATmega_DFP/1.0.90/gcc/dev/atmega328p/avr5/crtatmega328p.o
                0x000001c8                __init
 *(.init0)
 *(.init1)
 *(.init1)
 *(.init2)
 .init2         0x000001c8        0xc C:/Program Files (x86)/Atmel/Studio/7.0/Packs/atmel/ATmega_DFP/1.0.90/gcc/dev/atmega328p/avr5/crtatmega328p.o
 *(.init2)
 *(.init3)
 *(.init3)
 *(.init4)
 .init4         0x000001d4       0x16 c:/program files (x86)/atmel/studio/7.0/toolchain/avr8/avr8-gnu-toolchain/bin/../lib/gcc/avr/4.9.2/avr5\libgcc.a(_copy_data.o)
                0x000001d4                __do_copy_data
 .init4         0x000001ea       0x10 c:/program files (x86)/atmel/studio/7.0/toolchain/avr8/avr8-gnu-toolchain/bin/../lib/gcc/avr/4.9.2/avr5\libgcc.a(_clear_bss.o)
                0x000001ea                __do_clear_bss
 *(.init4)
 *(.init5)
 *(.init5)
 *(.init6)
 .init6         0x000001fa       0x16 c:/program files (x86)/atmel/studio/7.0/toolchain/avr8/avr8-gnu-toolchain/bin/../lib/gcc/avr/4.9.2/avr5\libgcc.a(_ctors.o)
                0x000001fa                __do_global_ctors
 *(.init6)
 *(.init7)
 *(.init7)
 *(.init8)
 *(.init8)
 *(.init9)
 .init9         0x00000210        0x8 C:/Program Files (x86)/Atmel/Studio/7.0/Packs/atmel/ATmega_DFP/1.0.90/gcc/dev/atmega328p/avr5/crtatmega328p.o
 *(.init9)
 *(.text)
 .text          0x00000218        0x4 C:/Program Files (x86)/Atmel/Studio/7.0/Packs/atmel/ATmega_DFP/1.0.90/gcc/dev/atmega328p/avr5/crtatmega328p.o
                0x00000218                __vector_22
                0x00000218                __vector_24
                0x00000218                __vector_12
                0x00000218                __bad_interrupt
                0x00000218                __vector_6
                0x00000218                __vector_23
                0x00000218                __vector_25
                0x00000218                __vector_11
                0x00000218                __vector_13
                0x00000218                __vector_17
                0x00000218                __vector_7
                0x00000218                __vector_9
                0x00000218                __vector_21
                0x00000218                __vector_15
                0x00000218                __vector_8
                0x00000218                __vector_14
                0x00000218                __vector_10
                0x00000218                __vector_20
                0x0000021c                . = ALIGN (0x2)
 *(.text.*)
 .text._ZN17DallasTemperature19defaultAlarmHandlerEPh
                0x0000021c        0x2 include/arduino/DallasTemperature.o
                0x0000021c                _ZN17DallasTemperature19defaultAlarmHandlerEPh
 .text._ZN17DallasTemperatureC2EP7OneWire
                0x0000021e       0x1e include/arduino/DallasTemperature.o
                0x0000021e                _ZN17DallasTemperatureC1EP7OneWire
                0x0000021e                _ZN17DallasTemperatureC2EP7OneWire
 .text._ZN17DallasTemperature14getDeviceCountEv
                0x0000023c        0x6 include/arduino/DallasTemperature.o
                0x0000023c                _ZN17DallasTemperature14getDeviceCountEv
 .text._ZN17DallasTemperature12validAddressEPh
                0x00000242       0x1e include/arduino/DallasTemperature.o
                0x00000242                _ZN17DallasTemperature12validAddressEPh
 .text._ZN17DallasTemperature10getAddressEPhh
                0x00000260       0x54 include/arduino/DallasTemperature.o
                0x00000260                _ZN17DallasTemperature10getAddressEPhh
 .text._ZN17DallasTemperature14readScratchPadEPhS0_
                0x000002b4       0xd8 include/arduino/DallasTemperature.o
                0x000002b4                _ZN17DallasTemperature14readScratchPadEPhS0_
 .text._ZN17DallasTemperature11isConnectedEPhS0_
                0x0000038c       0x22 include/arduino/DallasTemperature.o
                0x0000038c                _ZN17DallasTemperature11isConnectedEPhS0_
 .text._ZN17DallasTemperature15readPowerSupplyEPh
                0x000003ae       0x68 include/arduino/DallasTemperature.o
                0x000003ae                _ZN17DallasTemperature15readPowerSupplyEPh
 .text._ZN17DallasTemperature13getResolutionEPh
                0x00000416       0x66 include/arduino/DallasTemperature.o
                0x00000416                _ZN17DallasTemperature13getResolutionEPh
 .text._ZN17DallasTemperature5beginEv
                0x0000047c       0xd0 include/arduino/DallasTemperature.o
                0x0000047c                _ZN17DallasTemperature5beginEv
 .text._ZN17DallasTemperature21isConversionAvailableEPh
                0x0000054c       0x3a include/arduino/DallasTemperature.o
                0x0000054c                _ZN17DallasTemperature21isConversionAvailableEPh
 .text._ZN17DallasTemperature27blockTillConversionCompleteEPhS0_
                0x00000586       0x9e include/arduino/DallasTemperature.o
                0x00000586                _ZN17DallasTemperature27blockTillConversionCompleteEPhS0_
 .text._ZN17DallasTemperature19requestTemperaturesEv
                0x00000624       0x42 include/arduino/DallasTemperature.o
                0x00000624                _ZN17DallasTemperature19requestTemperaturesEv
 .text._ZN17DallasTemperature20calculateTemperatureEPhS0_
                0x00000666      0x148 include/arduino/DallasTemperature.o
                0x00000666                _ZN17DallasTemperature20calculateTemperatureEPhS0_
 .text._ZN17DallasTemperature8getTempCEPh
                0x000007ae       0x60 include/arduino/DallasTemperature.o
                0x000007ae                _ZN17DallasTemperature8getTempCEPh
 .text._ZN17DallasTemperature19isParasitePowerModeEv
                0x0000080e        0x6 include/arduino/DallasTemperature.o
                0x0000080e                _ZN17DallasTemperature19isParasitePowerModeEv
 .text._ZN17DallasTemperature12toFahrenheitEf
                0x00000814       0x1a include/arduino/DallasTemperature.o
                0x00000814                _ZN17DallasTemperature12toFahrenheitEf
 .text._ZN7OneWire5resetEv
                0x0000082e       0x7e include/arduino/OneWire.o
                0x0000082e                _ZN7OneWire5resetEv
 .text._ZN7OneWire9write_bitEh
                0x000008ac       0x66 include/arduino/OneWire.o
                0x000008ac                _ZN7OneWire9write_bitEh
 .text._ZN7OneWire8read_bitEv
                0x00000912       0x56 include/arduino/OneWire.o
                0x00000912                _ZN7OneWire8read_bitEv
 .text._ZN7OneWire5writeEhh
                0x00000968       0x84 include/arduino/OneWire.o
                0x00000968                _ZN7OneWire5writeEhh
 .text._ZN7OneWire4readEv
                0x000009ec       0x38 include/arduino/OneWire.o
                0x000009ec                _ZN7OneWire4readEv
 .text._ZN7OneWire6selectEPKh
                0x00000a24       0x5a include/arduino/OneWire.o
                0x00000a24                _ZN7OneWire6selectEPKh
 .text._ZN7OneWire4skipEv
                0x00000a7e        0x8 include/arduino/OneWire.o
                0x00000a7e                _ZN7OneWire4skipEv
 .text._ZN7OneWire12reset_searchEv
                0x00000a86       0x18 include/arduino/OneWire.o
                0x00000a86                _ZN7OneWire12reset_searchEv
 .text._ZN7OneWireC2Eh
                0x00000a9e       0x4a include/arduino/OneWire.o
                0x00000a9e                _ZN7OneWireC1Eh
                0x00000a9e                _ZN7OneWireC2Eh
 .text._ZN7OneWire6searchEPh
                0x00000ae8      0x120 include/arduino/OneWire.o
                0x00000ae8                _ZN7OneWire6searchEPh
 .text._ZN7OneWire4crc8EPKhh
                0x00000c08       0x1a include/arduino/OneWire.o
                0x00000c08                _ZN7OneWire4crc8EPKhh
 .text._Z8i2c_initv
                0x00000c22       0x16 Sketch.o
                0x00000c22                _Z8i2c_initv
 .text._Z19waitTransmissionI2Cv
                0x00000c38       0x2a Sketch.o
                0x00000c38                _Z19waitTransmissionI2Cv
 .text._Z13i2c_rep_starth
                0x00000c62       0x38 Sketch.o
                0x00000c62                _Z13i2c_rep_starth
 .text._Z9i2c_writeh
                0x00000c9a        0xe Sketch.o
                0x00000c9a                _Z9i2c_writeh
 .text._Z12i2c_writeReghhh
                0x00000ca8       0x34 Sketch.o
                0x00000ca8                _Z12i2c_writeReghhh
 .text._Z17i2c_OLED_send_cmdh
                0x00000cdc       0x10 Sketch.o
                0x00000cdc                _Z17i2c_OLED_send_cmdh
 .text._Z13i2c_OLED_initv
                0x00000cec       0x66 Sketch.o
                0x00000cec                _Z13i2c_OLED_initv
 .text._Z5setXYhh
                0x00000d52       0x34 Sketch.o
                0x00000d52                _Z5setXYhh
 .text._Z18i2c_OLED_send_byteh
                0x00000d86       0x10 Sketch.o
                0x00000d86                _Z18i2c_OLED_send_byteh
 .text._Z7sendStrPKc
                0x00000d96       0x50 Sketch.o
                0x00000d96                _Z7sendStrPKc
 .text._Z13clear_displayv
                0x00000de6       0x28 Sketch.o
                0x00000de6                _Z13clear_displayv
 .text._Z14float_to_uCharf
                0x00000e0e      0x268 Sketch.o
                0x00000e0e                _Z14float_to_uCharf
 .text._Z6tempSMv
                0x00001076      0x22e Sketch.o
                0x00001076                _Z6tempSMv
 .text._Z10connectUDPv
                0x000012a4       0x70 Sketch.o
                0x000012a4                _Z10connectUDPv
 .text.setup    0x00001314      0x118 Sketch.o
                0x00001314                setup
 .text._Z7sendUDPv
                0x0000142c       0x46 Sketch.o
                0x0000142c                _Z7sendUDPv
 .text.loop     0x00001472       0x9c Sketch.o
                0x00001472                loop
 .text.startup._GLOBAL__sub_I_myFont
                0x0000150e       0x24 Sketch.o
 .text.exit._GLOBAL__sub_D_myFont
                0x00001532        0x8 Sketch.o
 .text._ZN14SoftwareSerial4readEv
                0x0000153a       0x42 SoftwareSerial.o
                0x0000153a                _ZN14SoftwareSerial4readEv
 .text._ZN14SoftwareSerial5writeEh
                0x0000157c       0xa8 SoftwareSerial.o
                0x0000157c                _ZN14SoftwareSerial5writeEh
 .text._ZN14SoftwareSerial4peekEv
                0x00001624       0x30 SoftwareSerial.o
                0x00001624                _ZN14SoftwareSerial4peekEv
 .text._ZN14SoftwareSerial9availableEv
                0x00001654       0x30 SoftwareSerial.o
                0x00001654                _ZN14SoftwareSerial9availableEv
 .text._ZN14SoftwareSerial5flushEv
                0x00001684       0x1e SoftwareSerial.o
                0x00001684                _ZN14SoftwareSerial5flushEv
 .text._ZN14SoftwareSerial13stopListeningEv
                0x000016a2       0x2c SoftwareSerial.o
                0x000016a2                _ZN14SoftwareSerial13stopListeningEv
 .text._ZN14SoftwareSerial6listenEv
                0x000016ce       0x52 SoftwareSerial.o
                0x000016ce                _ZN14SoftwareSerial6listenEv
 .text.__vector_3
                0x00001720       0xf4 SoftwareSerial.o
                0x00001720                __vector_5
                0x00001720                __vector_4
                0x00001720                __vector_3
 .text._ZN14SoftwareSerialD2Ev
                0x00001814        0xe SoftwareSerial.o
                0x00001814                _ZN14SoftwareSerialD1Ev
                0x00001814                _ZN14SoftwareSerialD2Ev
 .text._ZN14SoftwareSerial5setTXEh
                0x00001822       0x52 SoftwareSerial.o
                0x00001822                _ZN14SoftwareSerial5setTXEh
 .text._ZN14SoftwareSerial5setRXEh
                0x00001874       0x52 SoftwareSerial.o
                0x00001874                _ZN14SoftwareSerial5setRXEh
 .text._ZN14SoftwareSerialC2Ehhb
                0x000018c6       0x56 SoftwareSerial.o
                0x000018c6                _ZN14SoftwareSerialC1Ehhb
                0x000018c6                _ZN14SoftwareSerialC2Ehhb
 .text._ZN14SoftwareSerial5beginEl
                0x0000191c      0x11c SoftwareSerial.o
                0x0000191c                _ZN14SoftwareSerial5beginEl
 .text._ZN14HardwareSerial9availableEv
                0x00001a38       0x18 src/HardwareSerial.o
                0x00001a38                _ZN14HardwareSerial9availableEv
 .text._ZN14HardwareSerial4peekEv
                0x00001a50       0x1c src/HardwareSerial.o
                0x00001a50                _ZN14HardwareSerial4peekEv
 .text._ZN14HardwareSerial4readEv
                0x00001a6c       0x28 src/HardwareSerial.o
                0x00001a6c                _ZN14HardwareSerial4readEv
 .text._Z14serialEventRunv
                0x00001a94       0x1c src/HardwareSerial.o
                0x00001a94                _Z14serialEventRunv
 .text._ZN14HardwareSerial17_tx_udr_empty_irqEv
                0x00001ab0       0x42 src/HardwareSerial.o
                0x00001ab0                _ZN14HardwareSerial17_tx_udr_empty_irqEv
 .text._ZN14HardwareSerial5flushEv
                0x00001af2       0x44 src/HardwareSerial.o
                0x00001af2                _ZN14HardwareSerial5flushEv
 .text._ZN14HardwareSerial5writeEh
                0x00001b36       0x8e src/HardwareSerial.o
                0x00001b36                _ZN14HardwareSerial5writeEh
 .text._ZN14HardwareSerial5beginEmh
                0x00001bc4       0xc0 src/HardwareSerial.o
                0x00001bc4                _ZN14HardwareSerial5beginEmh
 .text.__vector_18
                0x00001c84       0x64 src/HardwareSerial0.o
                0x00001c84                __vector_18
 .text.__vector_19
                0x00001ce8       0x4c src/HardwareSerial0.o
                0x00001ce8                __vector_19
 .text._Z17Serial0_availablev
                0x00001d34       0x14 src/HardwareSerial0.o
                0x00001d34                _Z17Serial0_availablev
 .text.startup._GLOBAL__sub_I___vector_18
                0x00001d48       0x5a src/HardwareSerial0.o
 .text.__empty  0x00001da2        0x2 src/hooks.o
                0x00001da2                yield
 .text.initVariant
                0x00001da4        0x2 src/main.o
                0x00001da4                initVariant
 .text.startup.main
                0x00001da6       0x1e src/main.o
                0x00001da6                main
 .text._ZN5Print5writeEPKhj
                0x00001dc4       0x50 src/Print.o
                0x00001dc4                _ZN5Print5writeEPKhj
 .text._ZN5Print5writeEPKc
                0x00001e14       0x2a src/Print.o
                0x00001e14                _ZN5Print5writeEPKc
 .text._ZN5Print5printEPKc
                0x00001e3e        0x4 src/Print.o
                0x00001e3e                _ZN5Print5printEPKc
 .text._ZN5Print5printEc
                0x00001e42        0xe src/Print.o
                0x00001e42                _ZN5Print5printEc
 .text._ZN5Print7printlnEv
                0x00001e50        0x8 src/Print.o
                0x00001e50                _ZN5Print7printlnEv
 .text._ZN5Print7printlnEPKc
                0x00001e58       0x24 src/Print.o
                0x00001e58                _ZN5Print7printlnEPKc
 .text._ZN5Print11printNumberEmh
                0x00001e7c       0xac src/Print.o
                0x00001e7c                _ZN5Print11printNumberEmh
 .text._ZN5Print5printEli
                0x00001f28       0x94 src/Print.o
                0x00001f28                _ZN5Print5printEli
 .text._ZN5Print5printEii
                0x00001fbc        0xe src/Print.o
                0x00001fbc                _ZN5Print5printEii
 .text._ZN5Print10printFloatEdh
                0x00001fca      0x1ca src/Print.o
                0x00001fca                _ZN5Print10printFloatEdh
 .text._ZN5Print5printEdi
                0x00002194        0x4 src/Print.o
                0x00002194                _ZN5Print5printEdi
 .text._ZN5Print7printlnEdi
                0x00002198       0x24 src/Print.o
                0x00002198                _ZN5Print7printlnEdi
 .text._ZN6Stream9timedReadEv
                0x000021bc       0x60 src/Stream.o
                0x000021bc                _ZN6Stream9timedReadEv
 .text._ZN6Stream9findMultiEPNS_11MultiTargetEi
                0x0000221c      0x132 src/Stream.o
                0x0000221c                _ZN6Stream9findMultiEPNS_11MultiTargetEi
 .text._ZN6Stream9findUntilEPcjS0_j.part.0
                0x0000234e       0x4a src/Stream.o
 .text._ZN6Stream4findEPc
                0x00002398       0x14 src/Stream.o
                0x00002398                _ZN6Stream4findEPc
 .text.__vector_1
                0x000023ac       0x5a src/WInterrupts.o
                0x000023ac                __vector_1
 .text.__vector_2
                0x00002406       0x5a src/WInterrupts.o
                0x00002406                __vector_2
 .text.__vector_16
                0x00002460       0x94 src/wiring.o
                0x00002460                __vector_16
 .text.millis   0x000024f4       0x18 src/wiring.o
                0x000024f4                millis
 .text.micros   0x0000250c       0x4a src/wiring.o
                0x0000250c                micros
 .text.delay    0x00002556       0x50 src/wiring.o
                0x00002556                delay
 .text.delayMicroseconds
                0x000025a6       0x12 src/wiring.o
                0x000025a6                delayMicroseconds
 .text.init     0x000025b8       0x76 src/wiring.o
                0x000025b8                init
 .text.turnOffPWM
                0x0000262e       0x52 src/wiring_digital.o
 .text.pinMode  0x00002680       0x78 src/wiring_digital.o
                0x00002680                pinMode
 .text.digitalWrite
                0x000026f8       0x60 src/wiring_digital.o
                0x000026f8                digitalWrite
 .text.avr-libc.fplib
                0x00002758        0xe c:/program files (x86)/atmel/studio/7.0/toolchain/avr8/avr8-gnu-toolchain/bin/../lib/gcc/avr/4.9.2/../../../../avr/lib/avr5\libm.a(addsf3.o)
                0x00002758                __subsf3
                0x0000275a                __addsf3
 .text.avr-libc.fplib
                0x00002766       0xcc c:/program files (x86)/atmel/studio/7.0/toolchain/avr8/avr8-gnu-toolchain/bin/../lib/gcc/avr/4.9.2/../../../../avr/lib/avr5\libm.a(addsf3x.o)
                0x00002788                __addsf3x
 .text.avr-libc.fplib
                0x00002832        0xa c:/program files (x86)/atmel/studio/7.0/toolchain/avr8/avr8-gnu-toolchain/bin/../lib/gcc/avr/4.9.2/../../../../avr/lib/avr5\libm.a(cmpsf2.o)
                0x00002832                __nesf2
                0x00002832                __eqsf2
                0x00002832                __cmpsf2
                0x00002832                __ltsf2
                0x00002832                __lesf2
 .text.avr-libc.fplib
                0x0000283c        0x8 c:/program files (x86)/atmel/studio/7.0/toolchain/avr8/avr8-gnu-toolchain/bin/../lib/gcc/avr/4.9.2/../../../../avr/lib/avr5\libm.a(divsf3.o)
                0x0000283c                __divsf3
 .text.avr-libc.fplib
                0x00002844       0xdc c:/program files (x86)/atmel/studio/7.0/toolchain/avr8/avr8-gnu-toolchain/bin/../lib/gcc/avr/4.9.2/../../../../avr/lib/avr5\libm.a(divsf3x.o)
                0x00002864                __divsf3x
                0x0000286a                __divsf3_pse
 .text.avr-libc.fplib
                0x00002920        0xe c:/program files (x86)/atmel/studio/7.0/toolchain/avr8/avr8-gnu-toolchain/bin/../lib/gcc/avr/4.9.2/../../../../avr/lib/avr5\libm.a(fixsfsi.o)
                0x00002920                __fixsfsi
 .text.avr-libc.fplib
                0x0000292e       0x5e c:/program files (x86)/atmel/studio/7.0/toolchain/avr8/avr8-gnu-toolchain/bin/../lib/gcc/avr/4.9.2/../../../../avr/lib/avr5\libm.a(fixunssfsi.o)
                0x0000292e                __fixunssfsi
 .text.avr-libc.fplib
                0x0000298c       0x7a c:/program files (x86)/atmel/studio/7.0/toolchain/avr8/avr8-gnu-toolchain/bin/../lib/gcc/avr/4.9.2/../../../../avr/lib/avr5\libm.a(floatsisf.o)
                0x0000298c                __floatunsisf
                0x00002990                __floatsisf
 .text.avr-libc.fplib
                0x00002a06       0x48 c:/program files (x86)/atmel/studio/7.0/toolchain/avr8/avr8-gnu-toolchain/bin/../lib/gcc/avr/4.9.2/../../../../avr/lib/avr5\libm.a(fp_cmp.o)
                0x00002a06                __fp_cmp
 .text.avr-libc.fplib
                0x00002a4e        0xc c:/program files (x86)/atmel/studio/7.0/toolchain/avr8/avr8-gnu-toolchain/bin/../lib/gcc/avr/4.9.2/../../../../avr/lib/avr5\libm.a(fp_inf.o)
                0x00002a4e                __fp_inf
 .text.avr-libc.fplib
                0x00002a5a        0x6 c:/program files (x86)/atmel/studio/7.0/toolchain/avr8/avr8-gnu-toolchain/bin/../lib/gcc/avr/4.9.2/../../../../avr/lib/avr5\libm.a(fp_nan.o)
                0x00002a5a                __fp_nan
 .text.avr-libc.fplib
                0x00002a60        0xe c:/program files (x86)/atmel/studio/7.0/toolchain/avr8/avr8-gnu-toolchain/bin/../lib/gcc/avr/4.9.2/../../../../avr/lib/avr5\libm.a(fp_pscA.o)
                0x00002a60                __fp_pscA
 .text.avr-libc.fplib
                0x00002a6e        0xe c:/program files (x86)/atmel/studio/7.0/toolchain/avr8/avr8-gnu-toolchain/bin/../lib/gcc/avr/4.9.2/../../../../avr/lib/avr5\libm.a(fp_pscB.o)
                0x00002a6e                __fp_pscB
 .text.avr-libc.fplib
                0x00002a7c       0x22 c:/program files (x86)/atmel/studio/7.0/toolchain/avr8/avr8-gnu-toolchain/bin/../lib/gcc/avr/4.9.2/../../../../avr/lib/avr5\libm.a(fp_round.o)
                0x00002a7c                __fp_round
 .text.avr-libc.fplib
                0x00002a9e       0x44 c:/program files (x86)/atmel/studio/7.0/toolchain/avr8/avr8-gnu-toolchain/bin/../lib/gcc/avr/4.9.2/../../../../avr/lib/avr5\libm.a(fp_split3.o)
                0x00002a9e                __fp_split3
                0x00002aae                __fp_splitA
 .text.avr-libc.fplib
                0x00002ae2        0xe c:/program files (x86)/atmel/studio/7.0/toolchain/avr8/avr8-gnu-toolchain/bin/../lib/gcc/avr/4.9.2/../../../../avr/lib/avr5\libm.a(fp_zero.o)
                0x00002ae2                __fp_zero
                0x00002ae4                __fp_szero
 .text.avr-libc.fplib
                0x00002af0        0xa c:/program files (x86)/atmel/studio/7.0/toolchain/avr8/avr8-gnu-toolchain/bin/../lib/gcc/avr/4.9.2/../../../../avr/lib/avr5\libm.a(gesf2.o)
                0x00002af0                __gesf2
                0x00002af0                __gtsf2
 .text.avr-libc.fplib
                0x00002afa        0x8 c:/program files (x86)/atmel/studio/7.0/toolchain/avr8/avr8-gnu-toolchain/bin/../lib/gcc/avr/4.9.2/../../../../avr/lib/avr5\libm.a(mulsf3.o)
                0x00002afa                __mulsf3
 .text.avr-libc.fplib
                0x00002b02       0xd2 c:/program files (x86)/atmel/studio/7.0/toolchain/avr8/avr8-gnu-toolchain/bin/../lib/gcc/avr/4.9.2/../../../../avr/lib/avr5\libm.a(mulsf3x.o)
                0x00002b20                __mulsf3x
                0x00002b26                __mulsf3_pse
 .text.avr-libc.fplib
                0x00002bd4        0xa c:/program files (x86)/atmel/studio/7.0/toolchain/avr8/avr8-gnu-toolchain/bin/../lib/gcc/avr/4.9.2/../../../../avr/lib/avr5\libm.a(unordsf2.o)
                0x00002bd4                __unordsf2
 .text.libgcc.div
                0x00002bde       0x28 c:/program files (x86)/atmel/studio/7.0/toolchain/avr8/avr8-gnu-toolchain/bin/../lib/gcc/avr/4.9.2/avr5\libgcc.a(_divmodhi4.o)
                0x00002bde                _div
                0x00002bde                __divmodhi4
 .text.libgcc.div
                0x00002c06       0x44 c:/program files (x86)/atmel/studio/7.0/toolchain/avr8/avr8-gnu-toolchain/bin/../lib/gcc/avr/4.9.2/avr5\libgcc.a(_udivmodsi4.o)
                0x00002c06                __udivmodsi4
 .text.libgcc.div
                0x00002c4a       0x2e c:/program files (x86)/atmel/studio/7.0/toolchain/avr8/avr8-gnu-toolchain/bin/../lib/gcc/avr/4.9.2/avr5\libgcc.a(_divmodsi4.o)
                0x00002c4a                __divmodsi4
 .text.libgcc.div
                0x00002c78       0x10 c:/program files (x86)/atmel/studio/7.0/toolchain/avr8/avr8-gnu-toolchain/bin/../lib/gcc/avr/4.9.2/avr5\libgcc.a(_negsi2.o)
                0x00002c78                __negsi2
 .text.libgcc.div
                0x00002c88       0x28 c:/program files (x86)/atmel/studio/7.0/toolchain/avr8/avr8-gnu-toolchain/bin/../lib/gcc/avr/4.9.2/avr5\libgcc.a(_udivmodhi4.o)
                0x00002c88                __udivmodhi4
 .text.libgcc   0x00002cb0        0xc c:/program files (x86)/atmel/studio/7.0/toolchain/avr8/avr8-gnu-toolchain/bin/../lib/gcc/avr/4.9.2/avr5\libgcc.a(_tablejump2.o)
                0x00002cb0                __tablejump2__
 .text.avr-libc
                0x00002cbc       0x46 c:/program files (x86)/atmel/studio/7.0/toolchain/avr8/avr8-gnu-toolchain/bin/../lib/gcc/avr/4.9.2/../../../../avr/lib/avr5\libc.a(sprintf.o)
                0x00002cbc                sprintf
 .text.avr-libc
                0x00002d02      0x3a4 c:/program files (x86)/atmel/studio/7.0/toolchain/avr8/avr8-gnu-toolchain/bin/../lib/gcc/avr/4.9.2/../../../../avr/lib/avr5\libc.a(vfprintf_std.o)
                0x00002d02                vfprintf
 .text.avr-libc
                0x000030a6       0x16 c:/program files (x86)/atmel/studio/7.0/toolchain/avr8/avr8-gnu-toolchain/bin/../lib/gcc/avr/4.9.2/../../../../avr/lib/avr5\libc.a(strnlen_P.o)
                0x000030a6                strnlen_P
 .text.avr-libc
                0x000030bc       0x16 c:/program files (x86)/atmel/studio/7.0/toolchain/avr8/avr8-gnu-toolchain/bin/../lib/gcc/avr/4.9.2/../../../../avr/lib/avr5\libc.a(strnlen.o)
                0x000030bc                strnlen
 .text.avr-libc
                0x000030d2       0x70 c:/program files (x86)/atmel/studio/7.0/toolchain/avr8/avr8-gnu-toolchain/bin/../lib/gcc/avr/4.9.2/../../../../avr/lib/avr5\libc.a(fputc.o)
                0x000030d2                fputc
 .text.avr-libc
                0x00003142       0xbc c:/program files (x86)/atmel/studio/7.0/toolchain/avr8/avr8-gnu-toolchain/bin/../lib/gcc/avr/4.9.2/../../../../avr/lib/avr5\libc.a(ultoa_invert.o)
                0x00003142                __ultoa_invert
 .text.libgcc.prologue
                0x000031fe       0x38 c:/program files (x86)/atmel/studio/7.0/toolchain/avr8/avr8-gnu-toolchain/bin/../lib/gcc/avr/4.9.2/avr5\libgcc.a(_prologue.o)
                0x000031fe                __prologue_saves__
 .text.libgcc.prologue
                0x00003236       0x36 c:/program files (x86)/atmel/studio/7.0/toolchain/avr8/avr8-gnu-toolchain/bin/../lib/gcc/avr/4.9.2/avr5\libgcc.a(_epilogue.o)
                0x00003236                __epilogue_restores__
                0x0000326c                . = ALIGN (0x2)
 *(.fini9)
 .fini9         0x0000326c        0x0 c:/program files (x86)/atmel/studio/7.0/toolchain/avr8/avr8-gnu-toolchain/bin/../lib/gcc/avr/4.9.2/avr5\libgcc.a(_exit.o)
                0x0000326c                _exit
                0x0000326c                exit
 *(.fini9)
 *(.fini8)
 *(.fini8)
 *(.fini7)
 *(.fini7)
 *(.fini6)
 .fini6         0x0000326c       0x16 c:/program files (x86)/atmel/studio/7.0/toolchain/avr8/avr8-gnu-toolchain/bin/../lib/gcc/avr/4.9.2/avr5\libgcc.a(_dtors.o)
                0x0000326c                __do_global_dtors
 *(.fini6)
 *(.fini5)
 *(.fini5)
 *(.fini4)
 *(.fini4)
 *(.fini3)
 *(.fini3)
 *(.fini2)
 *(.fini2)
 *(.fini1)
 *(.fini1)
 *(.fini0)
 .fini0         0x00003282        0x4 c:/program files (x86)/atmel/studio/7.0/toolchain/avr8/avr8-gnu-toolchain/bin/../lib/gcc/avr/4.9.2/avr5\libgcc.a(_exit.o)
 *(.fini0)
                0x00003286                _etext = .

.data           0x00800100      0x3f6 load address 0x00003286
                0x00800100                PROVIDE (__data_start, .)
 *(.data)
 *(.data*)
 .data.myFont   0x00800100      0x300 Sketch.o
                0x00800100                myFont
 *(.rodata)
 *(.rodata*)
 .rodata.str1.1
                0x00800400       0xac Sketch.o
                                 0xaf (size before relaxing)
 .rodata._ZL12fill_string4
                0x008004ac        0x6 Sketch.o
 .rodata._ZL12fill_string3
                0x008004b2        0x6 Sketch.o
 .rodata._ZL12fill_string2
                0x008004b8        0x8 Sketch.o
 .rodata._ZL12fill_string1
                0x008004c0        0x7 Sketch.o
 .rodata._ZTV14SoftwareSerial
                0x008004c7       0x10 SoftwareSerial.o
                0x008004c7                _ZTV14SoftwareSerial
 .rodata._ZTV14HardwareSerial
                0x008004d7       0x10 src/HardwareSerial.o
                0x008004d7                _ZTV14HardwareSerial
 .rodata.str1.1
                0x008004e7        0xe src/Print.o
                                 0x11 (size before relaxing)
 *(.gnu.linkonce.d*)
                0x008004f6                . = ALIGN (0x2)
 *fill*         0x008004f5        0x1 
                0x008004f6                _edata = .
                0x008004f6                PROVIDE (__data_end, .)

.bss            0x008004f6      0x141
                0x008004f6                PROVIDE (__bss_start, .)
 *(.bss)
 *(.bss*)
 .bss.gpsPort   0x008004f6       0x1f Sketch.o
                0x008004f6                gpsPort
 .bss.sensors   0x00800515       0x13 Sketch.o
                0x00800515                sensors
 .bss.oneWire   0x00800528        0xe Sketch.o
                0x00800528                oneWire
 .bss.counter   0x00800536        0x1 Sketch.o
                0x00800536                counter
 .bss.tempF     0x00800537        0x4 Sketch.o
                0x00800537                tempF
 .bss.tempC     0x0080053b        0x4 Sketch.o
                0x0080053b                tempC
 .bss.low_temp  0x0080053f        0x4 Sketch.o
                0x0080053f                low_temp
 .bss.max_temp  0x00800543        0x4 Sketch.o
                0x00800543                max_temp
 .bss._ZL16i2c_errors_count
                0x00800547        0x2 Sketch.o
 .bss._ZN14SoftwareSerial20_receive_buffer_headE
                0x00800549        0x1 SoftwareSerial.o
                0x00800549                _ZN14SoftwareSerial20_receive_buffer_headE
 .bss._ZN14SoftwareSerial20_receive_buffer_tailE
                0x0080054a        0x1 SoftwareSerial.o
                0x0080054a                _ZN14SoftwareSerial20_receive_buffer_tailE
 .bss._ZN14SoftwareSerial15_receive_bufferE
                0x0080054b       0x40 SoftwareSerial.o
                0x0080054b                _ZN14SoftwareSerial15_receive_bufferE
 .bss._ZN14SoftwareSerial13active_objectE
                0x0080058b        0x2 SoftwareSerial.o
                0x0080058b                _ZN14SoftwareSerial13active_objectE
 .bss.Serial    0x0080058d       0x9d src/HardwareSerial0.o
                0x0080058d                Serial
 .bss.intFunc   0x0080062a        0x4 src/WInterrupts.o
 .bss.timer0_fract
                0x0080062e        0x1 src/wiring.o
 .bss.timer0_millis
                0x0080062f        0x4 src/wiring.o
                0x0080062f                timer0_millis
 .bss.timer0_overflow_count
                0x00800633        0x4 src/wiring.o
                0x00800633                timer0_overflow_count
 *(COMMON)
                0x00800637                PROVIDE (__bss_end, .)
                0x00003286                __data_load_start = LOADADDR (.data)
                0x0000367c                __data_load_end = (__data_load_start + SIZEOF (.data))

.noinit         0x00800637        0x0
                0x00800637                PROVIDE (__noinit_start, .)
 *(.noinit*)
                0x00800637                PROVIDE (__noinit_end, .)
                0x00800637                _end = .
                0x00800637                PROVIDE (__heap_start, .)

.eeprom         0x00810000        0x0
 *(.eeprom*)
                0x00810000                __eeprom_end = .

.fuse
 *(.fuse)
 *(.lfuse)
 *(.hfuse)
 *(.efuse)

.lock
 *(.lock*)

.signature
 *(.signature*)

.user_signatures
 *(.user_signatures*)

.stab
 *(.stab)

.stabstr
 *(.stabstr)

.stab.excl
 *(.stab.excl)

.stab.exclstr
 *(.stab.exclstr)

.stab.index
 *(.stab.index)

.stab.indexstr
 *(.stab.indexstr)

.comment        0x00000000       0x5c
 *(.comment)
 .comment       0x00000000       0x30 include/arduino/DallasTemperature.o
                                 0x31 (size before relaxing)
 .comment       0x00000030       0x31 include/arduino/OneWire.o
 .comment       0x00000030       0x31 Sketch.o
 .comment       0x00000030       0x31 SoftwareSerial.o
 .comment       0x00000030       0x31 src/HardwareSerial.o
 .comment       0x00000030       0x31 src/HardwareSerial0.o
 .comment       0x00000030       0x31 src/hooks.o
 .comment       0x00000030       0x31 src/main.o
 .comment       0x00000030       0x31 src/Print.o
 .comment       0x00000030       0x31 src/Stream.o
 .comment       0x00000030       0x31 src/WInterrupts.o
 .comment       0x00000030       0x31 src/wiring.o
 .comment       0x00000030       0x31 src/wiring_digital.o
 .comment       0x00000030       0x31 c:/program files (x86)/atmel/studio/7.0/toolchain/avr8/avr8-gnu-toolchain/bin/../lib/gcc/avr/4.9.2/../../../../avr/lib/avr5\libc.a(sprintf.o)
 .comment       0x00000030       0x2c c:/program files (x86)/atmel/studio/7.0/toolchain/avr8/avr8-gnu-toolchain/bin/../lib/gcc/avr/4.9.2/../../../../avr/lib/avr5\libc.a(vfprintf_std.o)
                                 0x2d (size before relaxing)
 .comment       0x0000005c       0x31 c:/program files (x86)/atmel/studio/7.0/toolchain/avr8/avr8-gnu-toolchain/bin/../lib/gcc/avr/4.9.2/../../../../avr/lib/avr5\libc.a(fputc.o)

.note.gnu.avr.deviceinfo
                0x00000000       0x40
 .note.gnu.avr.deviceinfo
                0x00000000       0x40 C:/Program Files (x86)/Atmel/Studio/7.0/Packs/atmel/ATmega_DFP/1.0.90/gcc/dev/atmega328p/avr5/crtatmega328p.o

.note.gnu.build-id
 *(.note.gnu.build-id)

.debug
 *(.debug)

.line
 *(.line)

.debug_srcinfo
 *(.debug_srcinfo)

.debug_sfnames
 *(.debug_sfnames)

.debug_aranges
 *(.debug_aranges)

.debug_pubnames
 *(.debug_pubnames)

.debug_info
 *(.debug_info .gnu.linkonce.wi.*)

.debug_abbrev
 *(.debug_abbrev)

.debug_line
 *(.debug_line .debug_line.* .debug_line_end)

.debug_frame
 *(.debug_frame)

.debug_str
 *(.debug_str)

.debug_loc
 *(.debug_loc)

.debug_macinfo
 *(.debug_macinfo)

.debug_weaknames
 *(.debug_weaknames)

.debug_funcnames
 *(.debug_funcnames)

.debug_typenames
 *(.debug_typenames)

.debug_varnames
 *(.debug_varnames)

.debug_pubtypes
 *(.debug_pubtypes)

.debug_ranges
 *(.debug_ranges)

.debug_macro
 *(.debug_macro)
OUTPUT(temp_oled_wifi.elf elf32-avr)
LOAD linker stubs
